   Compiling aws-lc-rs v1.17.0
   Compiling aws-lc-sys v0.41.0
   Compiling rustls v0.23.40
   Compiling openssl-sys v0.9.116
   Compiling parking_lot v0.12.5
   Compiling rand_chacha v0.9.0
   Compiling rustls-webpki v0.103.13
   Compiling anyhow v1.0.102
   Compiling concurrent-queue v2.5.0
   Compiling webpki-roots v1.0.7
   Compiling event-listener v5.4.1
   Compiling chrono v0.4.45
   Compiling tokio v1.49.0
   Compiling crate-git-revision v0.0.6
   Compiling regex-automata v0.4.14
   Compiling tracing-core v0.1.36
   Compiling pin-project-internal v1.1.13
   Compiling alloc-no-stdlib v2.0.4
   Compiling linux-raw-sys v0.12.1
   Compiling unicode-xid v0.1.0
   Compiling rustversion v1.0.22
   Compiling winnow v1.0.3
   Compiling lazy_static v1.5.0
   Compiling time-core v0.1.8
   Compiling fastrand v2.4.1
   Compiling powerfmt v0.2.0
   Compiling num-conv v0.2.2
   Compiling time-macros v0.2.27
   Compiling toml_parser v1.1.2+spec-1.1.0
   Compiling deranged v0.5.8
   Compiling rustix v1.1.4
   Compiling proc-macro2 v0.4.30
   Compiling regex v1.12.4
   Compiling alloc-stdlib v0.2.2
   Compiling pin-project v1.1.13
   Compiling tracing v0.1.44
   Compiling webpki-roots v0.26.11
   Compiling tokio-stream v0.1.18
   Compiling rand v0.9.4
   Compiling futures-intrusive v0.5.0
   Compiling libsqlite3-sys v0.30.1
   Compiling crossbeam-queue v0.3.12
   Compiling derive_builder_core v0.20.2
   Compiling pest_meta v2.8.6
   Compiling itertools v0.14.0
   Compiling libsodium-sys v0.2.7
   Compiling opentelemetry v0.27.1
   Compiling darling_core v0.23.0
   Compiling hybrid-array v0.4.12
   Compiling num-bigint v0.3.3
   Compiling proc-macro-error-attr v1.0.4
   Compiling semver v1.0.28
   Compiling syn v1.0.109
   Compiling toml_datetime v1.1.1+spec-1.1.0
   Compiling byteorder v1.5.0
   Compiling base64 v0.22.1
   Compiling syn v0.15.44
   Compiling openssl-probe v0.2.1
   Compiling sqlx-core v0.8.6
   Compiling toml_edit v0.25.12+spec-1.1.0
   Compiling darling_macro v0.23.0
   Compiling rustc_version v0.4.1
   Compiling prost-derive v0.13.5
   Compiling pest_generator v2.8.6
   Compiling derive_builder_macro v0.20.2
   Compiling tungstenite v0.29.0
   Compiling brotli-decompressor v5.0.1
   Compiling quote v0.6.13
   Compiling time v0.3.47
   Compiling sharded-slab v0.1.7
   Compiling futures-executor v0.3.32
   Compiling atoi v2.0.0
   Compiling strum_macros v0.27.2
   Compiling zopfli v0.8.3
   Compiling flume v0.11.1
   Compiling futures-channel v0.3.32
   Compiling tower-http v0.6.11
   Compiling matchers v0.2.0
   Compiling async-graphql-value v7.2.1
   Compiling flate2 v1.1.9
   Compiling serde_urlencoded v0.7.1
   Compiling crossbeam-epoch v0.9.18
   Compiling tracing-log v0.2.0
   Compiling tracing-serde v0.2.0
   Compiling inout v0.1.4
   Compiling num-bigint v0.2.6
   Compiling num-rational v0.3.2
   Compiling async-io v2.6.0
   Compiling proc-macro-error v1.0.4
   Compiling multer v3.1.0
   Compiling serde_path_to_error v0.1.20
   Compiling thread_local v1.1.9
   Compiling encoding_rs v0.8.35
   Compiling num-modular v0.6.1
   Compiling nu-ansi-term v0.50.3
   Compiling unicase v2.9.0
   Compiling rust_decimal v1.42.0
   Compiling rayon-core v1.13.0
   Compiling cmov v0.5.4
   Compiling foreign-types-shared v0.1.1
   Compiling crc16 v0.4.0
   Compiling glob v0.3.3
   Compiling openssl v0.10.80
   Compiling opentelemetry_sdk v0.27.1
   Compiling foreign-types v0.3.2
   Compiling ctutils v0.4.2
   Compiling mime_guess v2.0.5
   Compiling tracing-subscriber v0.3.23
   Compiling num-order v1.2.0
   Compiling cipher v0.4.4
   Compiling crossbeam-deque v0.8.6
   Compiling sqlx-sqlite v0.8.6
   Compiling zip v3.0.0
   Compiling async-graphql-parser v7.2.1
   Compiling strum v0.27.2
   Compiling brotli v8.0.3
   Compiling tokio-tungstenite v0.29.0
   Compiling derive_builder v0.20.2
   Compiling pest_derive v2.8.6
   Compiling prost v0.13.5
   Compiling curve25519-dalek v4.1.3
   Compiling darling v0.23.0
   Compiling proc-macro-crate v3.5.0
   Compiling crypto-common v0.2.2
   Compiling block-buffer v0.12.1
   Compiling polling v3.11.0
   Compiling stellar-strkey v0.0.13
   Compiling uuid v1.23.3
   Compiling rust-embed-utils v8.11.0
   Compiling num-bigint v0.4.6
   Compiling axum-core v0.5.6
   Compiling half v2.7.1
   Compiling universal-hash v0.5.1
   Compiling matrixmultiply v0.3.10
   Compiling alloca v0.4.0
   Compiling futures-lite v2.6.1
   Compiling openssl-macros v0.1.1
   Compiling proc-macro-error-attr2 v2.0.0
   Compiling json v0.12.4
   Compiling ciborium-io v0.2.2
   Compiling dotenvy v0.15.7
   Compiling base64 v0.11.0
   Compiling matchit v0.8.4
   Compiling plotters-backend v0.3.7
   Compiling signature v2.2.0
   Compiling Inflector v0.11.4
   Compiling compression-core v0.4.32
   Compiling native-tls v0.2.18
   Compiling utf-8 v0.7.6
   Compiling arrayvec v0.7.6
   Compiling opaque-debug v0.3.1
   Compiling anstyle v1.0.14
   Compiling const-oid v0.10.2
   Compiling protobuf v3.7.2
   Compiling clap_lex v1.1.0
   Compiling ascii_utils v0.9.3
   Compiling fast_chemail v0.9.6
   Compiling clap_builder v4.6.0
   Compiling digest v0.11.3
   Compiling polyval v0.6.2
   Compiling tungstenite v0.24.0
   Compiling compression-codecs v0.4.38
   Compiling async-graphql-derive v7.2.1
   Compiling sodiumoxide v0.2.6
   Compiling plotters-svg v0.3.7
   Compiling axum v0.8.9
   Compiling xdr-rs-serialize v0.2.5
   Compiling sqlx-macros-core v0.8.6
   Compiling ciborium-ll v0.2.2
   Compiling proc-macro-error2 v2.0.1
   Compiling rust-embed-impl v8.11.0
   Compiling tonic v0.12.3
   Compiling handlebars v6.4.1
   Compiling xdr-rs-serialize-derive v0.2.5
   Compiling utoipa-swagger-ui v9.0.2
   Compiling reqwest v0.12.28
   Compiling rustls-native-certs v0.8.3
   Compiling tempfile v3.27.0
   Compiling stellar-xdr v25.0.1
   Compiling tokio-rustls v0.26.4
   Compiling event-listener-strategy v0.5.4
   Compiling itertools v0.13.0
   Compiling protobuf-support v3.7.2
   Compiling asynk-strim v0.1.5
   Compiling curve25519-dalek-derive v0.1.1
   Compiling utoipa-gen v5.5.0
   Compiling static_assertions_next v1.1.2
   Compiling base64 v0.13.1
   Compiling base64ct v1.8.3
   Compiling prometheus v0.14.0
   Compiling typed-path v0.12.3
   Compiling base32 v0.4.0
   Compiling bitflags v1.3.2
   Compiling rawpointer v0.2.1
   Compiling cast v0.3.0
   Compiling criterion-plot v0.8.2
   Compiling stellar-base v0.5.0
   Compiling utoipa v5.5.0
   Compiling zip v7.2.0
   Compiling password-hash v0.5.0
   Compiling async-graphql v7.2.1
   Compiling rust-embed v8.11.0
   Compiling async-lock v3.4.2
   Compiling opentelemetry-http v0.27.0
   Compiling hyper-rustls v0.27.9
   Compiling rustls-platform-verifier v0.7.0
   Compiling rayon v1.12.0
   Compiling opentelemetry-proto v0.27.0
   Compiling utoipa-gen v4.3.1
   Compiling validator_derive v0.20.0
   Compiling ciborium v0.2.2
   Compiling sqlx-macros v0.8.6
   Compiling plotters v0.3.7
   Compiling async-compression v0.4.42
   Compiling tokio-tungstenite v0.24.0
   Compiling ghash v0.5.1
   Compiling clap v4.6.1
   Compiling ed25519 v2.2.3
   Compiling simple_asn1 v0.6.4
   Compiling aes v0.8.4
   Compiling ctr v0.9.2
   Compiling arc-swap v1.9.1
   Compiling axum-core v0.4.5
   Compiling ureq v2.12.1
   Compiling backon v1.6.0
   Compiling combine v4.6.7
   Compiling crossbeam-channel v0.5.15
   Compiling blake2 v0.10.6
   Compiling pem v3.0.6
   Compiling email-encoding v0.4.1
   Compiling num-complex v0.4.6
   Compiling tinytemplate v1.2.1
   Compiling aead v0.5.2
   Compiling toml v0.5.11
   Compiling serde_spanned v1.1.1
   Compiling csv-core v0.1.13
   Compiling nom v8.0.0
   Compiling hostname v0.4.2
   Compiling page_size v0.6.0
   Compiling rust_xlsxwriter_derive v0.2.0
   Compiling cfg_eval v0.1.2
   Compiling matchit v0.7.3
   Compiling cpufeatures v0.3.0
   Compiling ethnum v1.5.3
   Compiling quoted_printable v0.5.2
   Compiling toml_writer v1.1.1+spec-1.1.0
   Compiling hashbrown v0.14.5
   Compiling xxhash-rust v0.8.15
   Compiling escape-bytes v0.1.1
   Compiling email_address v0.2.9
   Compiling oorandom v11.1.5
   Compiling anes v0.1.6
   Compiling symlink v0.1.0
   Compiling arcstr v1.2.0
   Compiling sha1_smol v1.0.1
   Compiling nacl v0.5.3
   Compiling redis v1.2.3
   Compiling stellar_sdk v0.1.4
   Compiling criterion v0.8.2
   Compiling tracing-appender v0.2.5
   Compiling dashmap v6.2.1
   Compiling lettre v0.11.22
   Compiling toml v1.1.2+spec-1.1.0
   Compiling sha2 v0.11.0
   Compiling axum v0.7.9
   Compiling rust_xlsxwriter v0.95.0
   Compiling csv v1.4.0
   Compiling aes-gcm v0.10.3
   Compiling ndarray v0.17.2
   Compiling jsonwebtoken v10.4.0
   Compiling argon2 v0.5.3
   Compiling ed25519-dalek v2.2.0
   Compiling tower-http v0.7.0
   Compiling sqlx v0.8.6
   Compiling validator v0.20.0
   Compiling utoipa v4.2.3
   Compiling opentelemetry-otlp v0.27.0
   Compiling reqwest v0.13.4
   Compiling async-graphql-axum v7.2.1
   Compiling hmac v0.13.0
   Compiling tracing-logstash v0.7.0
   Compiling tracing-opentelemetry v0.28.0
   Compiling failsafe v1.3.0
   Compiling tower v0.4.13
   Compiling futures v0.3.32
   Compiling ipnetwork v0.20.0
   Compiling md5 v0.7.0
   Compiling urlencoding v2.1.3
   Compiling stellar-analysis-backend v0.1.0 (/workspace/scratch/1b6b1b08e6b1/backlog/stellar_backend)
error[E0433]: failed to resolve: use of undeclared type `Arc`
   --> src/features/websocket_streaming.rs:134:25
    |
134 |         let streaming = Arc::new(WebSocketStreaming::new(config));
    |                         ^^^ use of undeclared type `Arc`
    |
    = note: struct `crate::rpc::stellar::tests::Arc` exists but is inaccessible
help: consider importing this struct
    |
100 +     use std::sync::Arc;
    |

error[E0433]: failed to resolve: could not find `mock_stellar` in `super`
    --> src/rpc/stellar.rs:2018:29
     |
2018 |                 Some(super::mock_stellar::MOCK_LATEST_LEDGER.saturating_add(1)),
     |                             ^^^^^^^^^^^^ could not find `mock_stellar` in `super`
     |
help: consider importing this module
     |
1903 +     use crate::rpc::mock_stellar;
     |
help: if you import `mock_stellar`, refer to it directly
     |
2018 -                 Some(super::mock_stellar::MOCK_LATEST_LEDGER.saturating_add(1)),
2018 +                 Some(mock_stellar::MOCK_LATEST_LEDGER.saturating_add(1)),
     |

error[E0433]: failed to resolve: could not find `mock_stellar` in `super`
    --> src/rpc/stellar.rs:2028:20
     |
2028 |             super::mock_stellar::MOCK_LATEST_LEDGER
     |                    ^^^^^^^^^^^^ could not find `mock_stellar` in `super`
     |
help: consider importing this module
     |
1903 +     use crate::rpc::mock_stellar;
     |
help: if you import `mock_stellar`, refer to it directly
     |
2028 -             super::mock_stellar::MOCK_LATEST_LEDGER
2028 +             mock_stellar::MOCK_LATEST_LEDGER
     |

error[E0433]: failed to resolve: could not find `mock_stellar` in `super`
    --> src/rpc/stellar.rs:2438:31
     |
2438 |         let payments = super::mock_stellar::mock_payments(10);
     |                               ^^^^^^^^^^^^ could not find `mock_stellar` in `super`
     |
help: consider importing this module
     |
1903 +     use crate::rpc::mock_stellar;
     |
help: if you import `mock_stellar`, refer to it directly
     |
2438 -         let payments = super::mock_stellar::mock_payments(10);
2438 +         let payments = mock_stellar::mock_payments(10);
     |

warning: unused import: `Span`
  --> src/observability/health_checks.rs:15:27
   |
15 | use tracing::{instrument, Span};
   |                           ^^^^
   |
   = note: `#[warn(unused_imports)]` on by default

warning: unused variable: `client`
   --> src/api/rpc.rs:283:11
    |
283 |     State(client): State<Arc<StellarRpcClient>>,
    |           ^^^^^^ help: if this is intentional, prefix it with an underscore: `_client`
    |
    = note: `#[warn(unused_variables)]` on by default

warning: unused variable: `client`
   --> src/api/rpc.rs:348:11
    |
348 |     State(client): State<Arc<StellarRpcClient>>,
    |           ^^^^^^ help: if this is intentional, prefix it with an underscore: `_client`

warning: unused variable: `start`
   --> src/observability/health_checks.rs:175:9
    |
175 |     let start = Instant::now();
    |         ^^^^^ help: if this is intentional, prefix it with an underscore: `_start`

error[E0369]: binary operation `==` cannot be applied to type `job_monitoring::JobHealthStatus`
   --> src/handlers/job_monitoring.rs:401:9
    |
401 | /         assert_eq!(
402 | |             determine_health_status(true, 5, 90.0, Some(100), Some(110)),
403 | |             JobHealthStatus::Critical
404 | |         );
    | |         ^
    | |_________|
    | |_________job_monitoring::JobHealthStatus
    |           job_monitoring::JobHealthStatus
    |
note: an implementation of `PartialEq` might be missing for `job_monitoring::JobHealthStatus`
   --> src/handlers/job_monitoring.rs:63:1
    |
63  | pub enum JobHealthStatus {
    | ^^^^^^^^^^^^^^^^^^^^^^^^ must implement `PartialEq`
    = note: this error originates in the macro `assert_eq` (in Nightly builds, run with -Z macro-backtrace for more info)
help: consider annotating `job_monitoring::JobHealthStatus` with `#[derive(PartialEq)]`
    |
63  + #[derive(PartialEq)]
64  | pub enum JobHealthStatus {
    |

error[E0369]: binary operation `==` cannot be applied to type `job_monitoring::JobHealthStatus`
   --> src/handlers/job_monitoring.rs:406:9
    |
406 | /         assert_eq!(
407 | |             determine_health_status(true, 3, 40.0, Some(100), Some(110)),
408 | |             JobHealthStatus::Critical
409 | |         );
    | |         ^
    | |_________|
    | |_________job_monitoring::JobHealthStatus
    |           job_monitoring::JobHealthStatus
    |
note: an implementation of `PartialEq` might be missing for `job_monitoring::JobHealthStatus`
   --> src/handlers/job_monitoring.rs:63:1
    |
63  | pub enum JobHealthStatus {
    | ^^^^^^^^^^^^^^^^^^^^^^^^ must implement `PartialEq`
    = note: this error originates in the macro `assert_eq` (in Nightly builds, run with -Z macro-backtrace for more info)
help: consider annotating `job_monitoring::JobHealthStatus` with `#[derive(PartialEq)]`
    |
63  + #[derive(PartialEq)]
64  | pub enum JobHealthStatus {
    |

error[E0369]: binary operation `==` cannot be applied to type `job_monitoring::JobHealthStatus`
   --> src/handlers/job_monitoring.rs:412:9
    |
412 | /         assert_eq!(
413 | |             determine_health_status(true, 3, 90.0, Some(100), Some(110)),
414 | |             JobHealthStatus::Warning
415 | |         );
    | |         ^
    | |_________|
    | |_________job_monitoring::JobHealthStatus
    |           job_monitoring::JobHealthStatus
    |
note: an implementation of `PartialEq` might be missing for `job_monitoring::JobHealthStatus`
   --> src/handlers/job_monitoring.rs:63:1
    |
63  | pub enum JobHealthStatus {
    | ^^^^^^^^^^^^^^^^^^^^^^^^ must implement `PartialEq`
    = note: this error originates in the macro `assert_eq` (in Nightly builds, run with -Z macro-backtrace for more info)
help: consider annotating `job_monitoring::JobHealthStatus` with `#[derive(PartialEq)]`
    |
63  + #[derive(PartialEq)]
64  | pub enum JobHealthStatus {
    |

error[E0369]: binary operation `==` cannot be applied to type `job_monitoring::JobHealthStatus`
   --> src/handlers/job_monitoring.rs:417:9
    |
417 | /         assert_eq!(
418 | |             determine_health_status(true, 1, 70.0, Some(100), Some(110)),
419 | |             JobHealthStatus::Warning
420 | |         );
    | |         ^
    | |_________|
    | |_________job_monitoring::JobHealthStatus
    |           job_monitoring::JobHealthStatus
    |
note: an implementation of `PartialEq` might be missing for `job_monitoring::JobHealthStatus`
   --> src/handlers/job_monitoring.rs:63:1
    |
63  | pub enum JobHealthStatus {
    | ^^^^^^^^^^^^^^^^^^^^^^^^ must implement `PartialEq`
    = note: this error originates in the macro `assert_eq` (in Nightly builds, run with -Z macro-backtrace for more info)
help: consider annotating `job_monitoring::JobHealthStatus` with `#[derive(PartialEq)]`
    |
63  + #[derive(PartialEq)]
64  | pub enum JobHealthStatus {
    |

error[E0369]: binary operation `==` cannot be applied to type `job_monitoring::JobHealthStatus`
   --> src/handlers/job_monitoring.rs:423:9
    |
423 | /         assert_eq!(
424 | |             determine_health_status(true, 0, 95.0, Some(100), None),
425 | |             JobHealthStatus::Healthy
426 | |         );
    | |         ^
    | |_________|
    | |_________job_monitoring::JobHealthStatus
    |           job_monitoring::JobHealthStatus
    |
note: an implementation of `PartialEq` might be missing for `job_monitoring::JobHealthStatus`
   --> src/handlers/job_monitoring.rs:63:1
    |
63  | pub enum JobHealthStatus {
    | ^^^^^^^^^^^^^^^^^^^^^^^^ must implement `PartialEq`
    = note: this error originates in the macro `assert_eq` (in Nightly builds, run with -Z macro-backtrace for more info)
help: consider annotating `job_monitoring::JobHealthStatus` with `#[derive(PartialEq)]`
    |
63  + #[derive(PartialEq)]
64  | pub enum JobHealthStatus {
    |

error[E0369]: binary operation `==` cannot be applied to type `job_monitoring::JobHealthStatus`
   --> src/handlers/job_monitoring.rs:428:9
    |
428 | /         assert_eq!(
429 | |             determine_health_status(false, 1, 90.0, Some(100), Some(110)),
430 | |             JobHealthStatus::Healthy
431 | |         );
    | |         ^
    | |_________|
    | |_________job_monitoring::JobHealthStatus
    |           job_monitoring::JobHealthStatus
    |
note: an implementation of `PartialEq` might be missing for `job_monitoring::JobHealthStatus`
   --> src/handlers/job_monitoring.rs:63:1
    |
63  | pub enum JobHealthStatus {
    | ^^^^^^^^^^^^^^^^^^^^^^^^ must implement `PartialEq`
    = note: this error originates in the macro `assert_eq` (in Nightly builds, run with -Z macro-backtrace for more info)
help: consider annotating `job_monitoring::JobHealthStatus` with `#[derive(PartialEq)]`
    |
63  + #[derive(PartialEq)]
64  | pub enum JobHealthStatus {
    |

error[E0369]: binary operation `==` cannot be applied to type `job_monitoring::JobHealthStatus`
   --> src/handlers/job_monitoring.rs:434:9
    |
434 | /         assert_eq!(
435 | |             determine_health_status(false, 0, 0.0, None, None),
436 | |             JobHealthStatus::Unknown
437 | |         );
    | |         ^
    | |_________|
    | |_________job_monitoring::JobHealthStatus
    |           job_monitoring::JobHealthStatus
    |
note: an implementation of `PartialEq` might be missing for `job_monitoring::JobHealthStatus`
   --> src/handlers/job_monitoring.rs:63:1
    |
63  | pub enum JobHealthStatus {
    | ^^^^^^^^^^^^^^^^^^^^^^^^ must implement `PartialEq`
    = note: this error originates in the macro `assert_eq` (in Nightly builds, run with -Z macro-backtrace for more info)
help: consider annotating `job_monitoring::JobHealthStatus` with `#[derive(PartialEq)]`
    |
63  + #[derive(PartialEq)]
64  | pub enum JobHealthStatus {
    |

error[E0277]: `{async block@src/jobs/trace_aware_executor.rs:83:40: 83:45}` cannot be unpinned
  --> src/jobs/trace_aware_executor.rs:83:40
   |
83 |         let task = TraceAwareTask::new(async { 42 }, span);
   |                    ------------------- ^^^^^^^^^^^^ the trait `Unpin` is not implemented for `{async block@src/jobs/trace_aware_executor.rs:83:40: 83:45}`
   |                    |
   |                    required by a bound introduced by this call
   |
   = note: consider using the `pin!` macro
           consider using `Box::pin` if you need to access the pinned value outside of the current scope
note: required by a bound in `trace_aware_executor::TraceAwareTask::<F>::new`
  --> src/jobs/trace_aware_executor.rs:27:30
   |
27 |     F: std::future::Future + Unpin,
   |                              ^^^^^ required by this bound in `TraceAwareTask::<F>::new`
...
30 |     pub fn new(future: F, span: Span) -> Self {
   |            --- required by a bound in this associated function

error[E0277]: `{async block@src/jobs/trace_aware_executor.rs:83:40: 83:45}` cannot be unpinned
  --> src/jobs/trace_aware_executor.rs:83:20
   |
83 |         let task = TraceAwareTask::new(async { 42 }, span);
   |                    ^^^^^^^^^^^^^^^^^^^^^^^^^^^^^^^^^^^^^^^ the trait `Unpin` is not implemented for `{async block@src/jobs/trace_aware_executor.rs:83:40: 83:45}`
   |
   = note: consider using the `pin!` macro
           consider using `Box::pin` if you need to access the pinned value outside of the current scope
note: required by a bound in `trace_aware_executor::TraceAwareTask`
  --> src/jobs/trace_aware_executor.rs:19:30
   |
17 | pub struct TraceAwareTask<F>
   |            -------------- required by a bound in this struct
18 | where
19 |     F: std::future::Future + Unpin,
   |                              ^^^^^ required by this bound in `TraceAwareTask`

error[E0277]: `{async block@src/jobs/trace_aware_executor.rs:83:40: 83:45}` cannot be unpinned
  --> src/jobs/trace_aware_executor.rs:84:22
   |
84 |         let result = task.await;
   |                      ^^^^ the trait `Unpin` is not implemented for `{async block@src/jobs/trace_aware_executor.rs:83:40: 83:45}`
   |
   = note: consider using the `pin!` macro
           consider using `Box::pin` if you need to access the pinned value outside of the current scope
note: required by a bound in `trace_aware_executor::TraceAwareTask`
  --> src/jobs/trace_aware_executor.rs:19:30
   |
17 | pub struct TraceAwareTask<F>
   |            -------------- required by a bound in this struct
18 | where
19 |     F: std::future::Future + Unpin,
   |                              ^^^^^ required by this bound in `TraceAwareTask`

error[E0277]: `{async block@src/jobs/trace_aware_executor.rs:83:40: 83:45}` cannot be unpinned
  --> src/jobs/trace_aware_executor.rs:84:27
   |
84 |         let result = task.await;
   |                           ^^^^^ the trait `Unpin` is not implemented for `{async block@src/jobs/trace_aware_executor.rs:83:40: 83:45}`
   |
   = note: consider using the `pin!` macro
           consider using `Box::pin` if you need to access the pinned value outside of the current scope
note: required by a bound in `trace_aware_executor::TraceAwareTask`
  --> src/jobs/trace_aware_executor.rs:19:30
   |
17 | pub struct TraceAwareTask<F>
   |            -------------- required by a bound in this struct
18 | where
19 |     F: std::future::Future + Unpin,
   |                              ^^^^^ required by this bound in `TraceAwareTask`

error[E0277]: `{async block@src/jobs/trace_aware_executor.rs:90:47: 90:52}` cannot be unpinned
  --> src/jobs/trace_aware_executor.rs:90:47
   |
90 |         let handle = spawn_traced("test_job", async { "success" });
   |                      ------------             ^^^^^^^^^^^^^^^^^^^ the trait `Unpin` is not implemented for `{async block@src/jobs/trace_aware_executor.rs:90:47: 90:52}`
   |                      |
   |                      required by a bound introduced by this call
   |
   = note: consider using the `pin!` macro
           consider using `Box::pin` if you need to access the pinned value outside of the current scope
note: required by a bound in `trace_aware_executor::spawn_traced`
  --> src/jobs/trace_aware_executor.rs:62:37
   |
60 | pub fn spawn_traced<F>(_name: &str, future: F) -> tokio::task::JoinHandle<F::Output>
   |        ------------ required by a bound in this function
61 | where
62 |     F: std::future::Future + Send + Unpin + 'static,
   |                                     ^^^^^ required by this bound in `spawn_traced`

error[E0277]: `{async block@src/jobs/trace_aware_executor.rs:100:48: 100:53}` cannot be unpinned
   --> src/jobs/trace_aware_executor.rs:100:48
    |
100 |         let handle = spawn_traced("child_job", async { 100 });
    |                      ------------              ^^^^^^^^^^^^^ the trait `Unpin` is not implemented for `{async block@src/jobs/trace_aware_executor.rs:100:48: 100:53}`
    |                      |
    |                      required by a bound introduced by this call
    |
    = note: consider using the `pin!` macro
            consider using `Box::pin` if you need to access the pinned value outside of the current scope
note: required by a bound in `trace_aware_executor::spawn_traced`
   --> src/jobs/trace_aware_executor.rs:62:37
    |
60  | pub fn spawn_traced<F>(_name: &str, future: F) -> tokio::task::JoinHandle<F::Output>
    |        ------------ required by a bound in this function
61  | where
62  |     F: std::future::Future + Send + Unpin + 'static,
    |                                     ^^^^^ required by this bound in `spawn_traced`

error[E0308]: mismatched types
   --> src/observability/job_metrics.rs:272:32
    |
272 |             .with_label_values(&[job_name, "success"])
    |              ----------------- ^^^^^^^^^^^^^^^^^^^^^^ expected `&[&String]`, found `&[&str; 2]`
    |              |
    |              arguments to this method are incorrect
    |
    = note: expected reference `&[&std::string::String]`
               found reference `&[&str; 2]`
note: method defined here
   --> /workspace/scratch/1b6b1b08e6b1/toolchain/cargo/registry/src/index.crates.io-1949cf8c6b5b557f/prometheus-0.14.0/src/vec.rs:292:12
    |
292 |     pub fn with_label_values<V>(&self, vals: &[V]) -> T::M
    |            ^^^^^^^^^^^^^^^^^

error[E0308]: mismatched types
   --> src/observability/job_metrics.rs:299:32
    |
299 |             .with_label_values(&[job_name, "failure"])
    |              ----------------- ^^^^^^^^^^^^^^^^^^^^^^ expected `&[&String]`, found `&[&str; 2]`
    |              |
    |              arguments to this method are incorrect
    |
    = note: expected reference `&[&std::string::String]`
               found reference `&[&str; 2]`
note: method defined here
   --> /workspace/scratch/1b6b1b08e6b1/toolchain/cargo/registry/src/index.crates.io-1949cf8c6b5b557f/prometheus-0.14.0/src/vec.rs:292:12
    |
292 |     pub fn with_label_values<V>(&self, vals: &[V]) -> T::M
    |            ^^^^^^^^^^^^^^^^^

error[E0308]: mismatched types
   --> src/observability/job_metrics.rs:330:32
    |
330 |             .with_label_values(&[job_name, "timeout"])
    |              ----------------- ^^^^^^^^^^^^^^^^^^^^^^ expected `&[&String]`, found `&[&str; 2]`
    |              |
    |              arguments to this method are incorrect
    |
    = note: expected reference `&[&std::string::String]`
               found reference `&[&str; 2]`
note: method defined here
   --> /workspace/scratch/1b6b1b08e6b1/toolchain/cargo/registry/src/index.crates.io-1949cf8c6b5b557f/prometheus-0.14.0/src/vec.rs:292:12
    |
292 |     pub fn with_label_values<V>(&self, vals: &[V]) -> T::M
    |            ^^^^^^^^^^^^^^^^^

error[E0308]: mismatched types
   --> src/observability/job_metrics.rs:333:32
    |
333 |             .with_label_values(&[job_name, "timeout"])
    |              ----------------- ^^^^^^^^^^^^^^^^^^^^^^ expected `&[&String]`, found `&[&str; 2]`
    |              |
    |              arguments to this method are incorrect
    |
    = note: expected reference `&[&std::string::String]`
               found reference `&[&str; 2]`
note: method defined here
   --> /workspace/scratch/1b6b1b08e6b1/toolchain/cargo/registry/src/index.crates.io-1949cf8c6b5b557f/prometheus-0.14.0/src/vec.rs:292:12
    |
292 |     pub fn with_label_values<V>(&self, vals: &[V]) -> T::M
    |            ^^^^^^^^^^^^^^^^^

error[E0308]: mismatched types
   --> src/observability/metrics.rs:319:28
    |
319 |         .with_label_values(&[&status_code.to_string(), method, path])
    |          ----------------- ^^^^^^^^^^^^^^^^^^^^^^^^^^^^^^^^^^^^^^^^^ expected `&[&String]`, found `&[&str; 3]`
    |          |
    |          arguments to this method are incorrect
    |
    = note: expected reference `&[&std::string::String]`
               found reference `&[&str; 3]`
note: method defined here
   --> /workspace/scratch/1b6b1b08e6b1/toolchain/cargo/registry/src/index.crates.io-1949cf8c6b5b557f/prometheus-0.14.0/src/vec.rs:292:12
    |
292 |     pub fn with_label_values<V>(&self, vals: &[V]) -> T::M
    |            ^^^^^^^^^^^^^^^^^

error[E0277]: cannot add `{float}` to `u64`
   --> src/observability/metrics.rs:477:53
    |
477 |         assert!(HTTP_REQUESTS_TOTAL.get() >= before + 1.0);
    |                                                     ^ no implementation for `u64 + {float}`
    |
    = help: the trait `Add<{float}>` is not implemented for `u64`
    = help: the following other types implement trait `Add<Rhs>`:
              `&u64` implements `Add<&num_bigint::BigInt>`
              `&u64` implements `Add<&num_bigint::BigUint>`
              `&u64` implements `Add<&num_bigint::bigint::BigInt>`
              `&u64` implements `Add<&num_bigint::biguint::BigUint>`
              `&u64` implements `Add<&num_complex::Complex<u64>>`
              `&u64` implements `Add<num_bigint::BigInt>`
              `&u64` implements `Add<num_bigint::BigUint>`
              `&u64` implements `Add<num_bigint::bigint::BigInt>`
            and 20 others

error[E0277]: can't compare `i64` with `{float}`
   --> src/observability/metrics.rs:625:9
    |
625 |         assert_eq!(DB_POOL_CONNECTIONS_ACTIVE.get(), 7.0);
    |         ^^^^^^^^^^^^^^^^^^^^^^^^^^^^^^^^^^^^^^^^^^^^^^^^^ no implementation for `i64 == {float}`
    |
    = help: the trait `PartialEq<{float}>` is not implemented for `i64`
    = help: the following other types implement trait `PartialEq<Rhs>`:
              `i64` implements `PartialEq<JsonValue>`
              `i64` implements `PartialEq<json::JsonValue>`
              `i64` implements `PartialEq<json::number::Number>`
              `i64` implements `PartialEq`
    = note: this error originates in the macro `assert_eq` (in Nightly builds, run with -Z macro-backtrace for more info)

error[E0308]: mismatched types
   --> src/observability/metrics.rs:625:9
    |
625 |         assert_eq!(DB_POOL_CONNECTIONS_ACTIVE.get(), 7.0);
    |         ^^^^^^^^^^^^^^^^^^^^^^^^^^^^^^^^^^^^^^^^^^^^^^^^^ expected `i64`, found floating-point number
    |
    = note: this error originates in the macro `assert_eq` (in Nightly builds, run with -Z macro-backtrace for more info)

error[E0277]: can't compare `i64` with `{float}`
   --> src/observability/metrics.rs:626:9
    |
626 |         assert_eq!(DB_POOL_CONNECTIONS_IDLE.get(), 3.0);
    |         ^^^^^^^^^^^^^^^^^^^^^^^^^^^^^^^^^^^^^^^^^^^^^^^ no implementation for `i64 == {float}`
    |
    = help: the trait `PartialEq<{float}>` is not implemented for `i64`
    = help: the following other types implement trait `PartialEq<Rhs>`:
              `i64` implements `PartialEq<JsonValue>`
              `i64` implements `PartialEq<json::JsonValue>`
              `i64` implements `PartialEq<json::number::Number>`
              `i64` implements `PartialEq`
    = note: this error originates in the macro `assert_eq` (in Nightly builds, run with -Z macro-backtrace for more info)

error[E0308]: mismatched types
   --> src/observability/metrics.rs:626:9
    |
626 |         assert_eq!(DB_POOL_CONNECTIONS_IDLE.get(), 3.0);
    |         ^^^^^^^^^^^^^^^^^^^^^^^^^^^^^^^^^^^^^^^^^^^^^^^ expected `i64`, found floating-point number
    |
    = note: this error originates in the macro `assert_eq` (in Nightly builds, run with -Z macro-backtrace for more info)

error[E0277]: cannot subtract `{float}` from `i64`
   --> src/observability/metrics.rs:627:44
    |
627 |         assert!((DB_POOL_UTILIZATION.get() - 0.7).abs() < f64::EPSILON);
    |                                            ^ no implementation for `i64 - {float}`
    |
    = help: the trait `Sub<{float}>` is not implemented for `i64`
    = help: the following other types implement trait `Sub<Rhs>`:
              `&i64` implements `Sub<&num_bigint::BigInt>`
              `&i64` implements `Sub<&num_bigint::bigint::BigInt>`
              `&i64` implements `Sub<&num_complex::Complex<i64>>`
              `&i64` implements `Sub<i64>`
              `&i64` implements `Sub<num_bigint::BigInt>`
              `&i64` implements `Sub<num_bigint::bigint::BigInt>`
              `&i64` implements `Sub<num_complex::Complex<i64>>`
              `&i64` implements `Sub`
            and 12 others

error[E0277]: can't compare `i64` with `{float}`
   --> src/observability/metrics.rs:629:9
    |
629 |         assert_eq!(DB_POOL_ACTIVE.get(), 7.0);
    |         ^^^^^^^^^^^^^^^^^^^^^^^^^^^^^^^^^^^^^ no implementation for `i64 == {float}`
    |
    = help: the trait `PartialEq<{float}>` is not implemented for `i64`
    = help: the following other types implement trait `PartialEq<Rhs>`:
              `i64` implements `PartialEq<JsonValue>`
              `i64` implements `PartialEq<json::JsonValue>`
              `i64` implements `PartialEq<json::number::Number>`
              `i64` implements `PartialEq`
    = note: this error originates in the macro `assert_eq` (in Nightly builds, run with -Z macro-backtrace for more info)

error[E0308]: mismatched types
   --> src/observability/metrics.rs:629:9
    |
629 |         assert_eq!(DB_POOL_ACTIVE.get(), 7.0);
    |         ^^^^^^^^^^^^^^^^^^^^^^^^^^^^^^^^^^^^^ expected `i64`, found floating-point number
    |
    = note: this error originates in the macro `assert_eq` (in Nightly builds, run with -Z macro-backtrace for more info)

error[E0277]: can't compare `i64` with `{float}`
   --> src/observability/metrics.rs:630:9
    |
630 |         assert_eq!(DB_POOL_IDLE.get(), 3.0);
    |         ^^^^^^^^^^^^^^^^^^^^^^^^^^^^^^^^^^^ no implementation for `i64 == {float}`
    |
    = help: the trait `PartialEq<{float}>` is not implemented for `i64`
    = help: the following other types implement trait `PartialEq<Rhs>`:
              `i64` implements `PartialEq<JsonValue>`
              `i64` implements `PartialEq<json::JsonValue>`
              `i64` implements `PartialEq<json::number::Number>`
              `i64` implements `PartialEq`
    = note: this error originates in the macro `assert_eq` (in Nightly builds, run with -Z macro-backtrace for more info)

error[E0308]: mismatched types
   --> src/observability/metrics.rs:630:9
    |
630 |         assert_eq!(DB_POOL_IDLE.get(), 3.0);
    |         ^^^^^^^^^^^^^^^^^^^^^^^^^^^^^^^^^^^ expected `i64`, found floating-point number
    |
    = note: this error originates in the macro `assert_eq` (in Nightly builds, run with -Z macro-backtrace for more info)

error[E0277]: can't compare `i64` with `{float}`
   --> src/observability/metrics.rs:631:9
    |
631 |         assert_eq!(DB_POOL_SIZE.get(), 10.0);
    |         ^^^^^^^^^^^^^^^^^^^^^^^^^^^^^^^^^^^^ no implementation for `i64 == {float}`
    |
    = help: the trait `PartialEq<{float}>` is not implemented for `i64`
    = help: the following other types implement trait `PartialEq<Rhs>`:
              `i64` implements `PartialEq<JsonValue>`
              `i64` implements `PartialEq<json::JsonValue>`
              `i64` implements `PartialEq<json::number::Number>`
              `i64` implements `PartialEq`
    = note: this error originates in the macro `assert_eq` (in Nightly builds, run with -Z macro-backtrace for more info)

error[E0308]: mismatched types
   --> src/observability/metrics.rs:631:9
    |
631 |         assert_eq!(DB_POOL_SIZE.get(), 10.0);
    |         ^^^^^^^^^^^^^^^^^^^^^^^^^^^^^^^^^^^^ expected `i64`, found floating-point number
    |
    = note: this error originates in the macro `assert_eq` (in Nightly builds, run with -Z macro-backtrace for more info)

error[E0599]: no method named `name` found for struct `tracing::Span` in the current scope
   --> src/observability/trace_context.rs:173:25
    |
173 |         assert_eq!(span.name(), "test_job");
    |                         ^^^^
    |
    = help: items from traits can only be used if the trait is implemented and in scope
    = note: the following traits define an item `name`, perhaps you need to implement one of them:
            candidate #1: `EventProcessor`
            candidate #2: `PriceFeedProvider`
            candidate #3: `broadcast::NotificationChannel`
help: there is a method `ne` with a similar name, but with different arguments
   --> /rustc/29483883eed69d5fb4db01964cdf2af4d86e9cb2/library/core/src/cmp.rs:263:5

error[E0061]: this method takes 1 argument but 0 arguments were supplied
    --> src/websocket.rs:1003:32
     |
1003 |             permits.push(state.try_acquire_connection_permit().unwrap());
     |                                ^^^^^^^^^^^^^^^^^^^^^^^^^^^^^-- argument #1 of type `std::net::IpAddr` is missing
     |
note: method defined here
    --> src/websocket.rs:398:8
     |
398  |     fn try_acquire_connection_permit(self: &Arc<Self>, ip: IpAddr) -> Option<ConnectionPermit> {
     |        ^^^^^^^^^^^^^^^^^^^^^^^^^^^^^                   ----------
help: provide the argument
     |
1003 |             permits.push(state.try_acquire_connection_permit(/* std::net::IpAddr */).unwrap());
     |                                                              ++++++++++++++++++++++

error[E0061]: this method takes 1 argument but 0 arguments were supplied
    --> src/websocket.rs:1007:23
     |
1007 |         assert!(state.try_acquire_connection_permit().is_none());
     |                       ^^^^^^^^^^^^^^^^^^^^^^^^^^^^^-- argument #1 of type `std::net::IpAddr` is missing
     |
note: method defined here
    --> src/websocket.rs:398:8
     |
398  |     fn try_acquire_connection_permit(self: &Arc<Self>, ip: IpAddr) -> Option<ConnectionPermit> {
     |        ^^^^^^^^^^^^^^^^^^^^^^^^^^^^^                   ----------
help: provide the argument
     |
1007 |         assert!(state.try_acquire_connection_permit(/* std::net::IpAddr */).is_none());
     |                                                     ++++++++++++++++++++++

error[E0061]: this method takes 1 argument but 0 arguments were supplied
    --> src/websocket.rs:1011:23
     |
1011 |         assert!(state.try_acquire_connection_permit().is_some());
     |                       ^^^^^^^^^^^^^^^^^^^^^^^^^^^^^-- argument #1 of type `std::net::IpAddr` is missing
     |
note: method defined here
    --> src/websocket.rs:398:8
     |
398  |     fn try_acquire_connection_permit(self: &Arc<Self>, ip: IpAddr) -> Option<ConnectionPermit> {
     |        ^^^^^^^^^^^^^^^^^^^^^^^^^^^^^                   ----------
help: provide the argument
     |
1011 |         assert!(state.try_acquire_connection_permit(/* std::net::IpAddr */).is_some());
     |                                                     ++++++++++++++++++++++

error[E0061]: this method takes 1 argument but 0 arguments were supplied
    --> src/websocket.rs:1034:28
     |
1034 |         let permit = state.try_acquire_connection_permit().unwrap();
     |                            ^^^^^^^^^^^^^^^^^^^^^^^^^^^^^-- argument #1 of type `std::net::IpAddr` is missing
     |
note: method defined here
    --> src/websocket.rs:398:8
     |
398  |     fn try_acquire_connection_permit(self: &Arc<Self>, ip: IpAddr) -> Option<ConnectionPermit> {
     |        ^^^^^^^^^^^^^^^^^^^^^^^^^^^^^                   ----------
help: provide the argument
     |
1034 |         let permit = state.try_acquire_connection_permit(/* std::net::IpAddr */).unwrap();
     |                                                          ++++++++++++++++++++++

error[E0061]: this method takes 1 argument but 0 arguments were supplied
    --> src/websocket.rs:1109:32
     |
1109 |             permits.push(state.try_acquire_connection_permit().unwrap());
     |                                ^^^^^^^^^^^^^^^^^^^^^^^^^^^^^-- argument #1 of type `std::net::IpAddr` is missing
     |
note: method defined here
    --> src/websocket.rs:398:8
     |
398  |     fn try_acquire_connection_permit(self: &Arc<Self>, ip: IpAddr) -> Option<ConnectionPermit> {
     |        ^^^^^^^^^^^^^^^^^^^^^^^^^^^^^                   ----------
help: provide the argument
     |
1109 |             permits.push(state.try_acquire_connection_permit(/* std::net::IpAddr */).unwrap());
     |                                                              ++++++++++++++++++++++

error[E0061]: this method takes 1 argument but 0 arguments were supplied
    --> src/websocket.rs:1112:23
     |
1112 |         assert!(state.try_acquire_connection_permit().is_none());
     |                       ^^^^^^^^^^^^^^^^^^^^^^^^^^^^^-- argument #1 of type `std::net::IpAddr` is missing
     |
note: method defined here
    --> src/websocket.rs:398:8
     |
398  |     fn try_acquire_connection_permit(self: &Arc<Self>, ip: IpAddr) -> Option<ConnectionPermit> {
     |        ^^^^^^^^^^^^^^^^^^^^^^^^^^^^^                   ----------
help: provide the argument
     |
1112 |         assert!(state.try_acquire_connection_permit(/* std::net::IpAddr */).is_none());
     |                                                     ++++++++++++++++++++++

warning: unused variable: `client`
   --> src/rpc/stellar.rs:517:13
    |
517 |         let client = match Client::builder().timeout(request_timeout).build() {
    |             ^^^^^^ help: if this is intentional, prefix it with an underscore: `_client`

warning: unused variable: `client`
   --> src/rpc/stellar.rs:638:13
    |
638 |         let client = match Client::builder().timeout(request_timeout).build() {
    |             ^^^^^^ help: if this is intentional, prefix it with an underscore: `_client`

Some errors have detailed explanations: E0061, E0277, E0308, E0369, E0433, E0599.
For more information about an error, try `rustc --explain E0061`.
warning: `stellar-analysis-backend` (lib test) generated 6 warnings
error: could not compile `stellar-analysis-backend` (lib test) due to 41 previous errors; 6 warnings emitted
