   Compiling stellar-analysis-backend v0.1.0 (/workspace/scratch/1b6b1b08e6b1/backlog/stellar_backend)
warning: unused import: `Span`
  --> src/observability/health_checks.rs:15:27
   |
15 | use tracing::{instrument, Span};
   |                           ^^^^
   |
   = note: `#[warn(unused_imports)]` on by default

warning: unused variable: `client`
   --> src/api/rpc.rs:283:11
    |
283 |     State(client): State<Arc<StellarRpcClient>>,
    |           ^^^^^^ help: if this is intentional, prefix it with an underscore: `_client`
    |
    = note: `#[warn(unused_variables)]` on by default

warning: unused variable: `client`
   --> src/api/rpc.rs:348:11
    |
348 |     State(client): State<Arc<StellarRpcClient>>,
    |           ^^^^^^ help: if this is intentional, prefix it with an underscore: `_client`

warning: unused variable: `start`
   --> src/observability/health_checks.rs:175:9
    |
175 |     let start = Instant::now();
    |         ^^^^^ help: if this is intentional, prefix it with an underscore: `_start`

warning: unused variable: `client`
   --> src/rpc/stellar.rs:517:13
    |
517 |         let client = match Client::builder().timeout(request_timeout).build() {
    |             ^^^^^^ help: if this is intentional, prefix it with an underscore: `_client`

warning: unused variable: `client`
   --> src/rpc/stellar.rs:638:13
    |
638 |         let client = match Client::builder().timeout(request_timeout).build() {
    |             ^^^^^^ help: if this is intentional, prefix it with an underscore: `_client`

warning: function `compute_transaction_hash` is never used
  --> src/services/contract.rs:88:4
   |
88 | fn compute_transaction_hash(network_passphrase: &str, tx_envelope_xdr: &[u8]) -> Result<[u8; 32]> {
   |    ^^^^^^^^^^^^^^^^^^^^^^^^
   |
   = note: `#[warn(dead_code)]` on by default

warning: comparison is useless due to type limits
  --> src/analytics.rs:97:8
   |
97 |     if score.total_assets < 0 {
   |        ^^^^^^^^^^^^^^^^^^^^^^
   |
   = note: `#[warn(unused_comparisons)]` on by default

warning: `stellar-analysis-backend` (lib) generated 8 warnings (run `cargo fix --lib -p stellar-analysis-backend` to apply 1 suggestion)
    Finished `test` profile [unoptimized] target(s) in 1m 07s
     Running tests/webhook_delivery_regression_tests.rs (target/debug/deps/webhook_delivery_regression_tests-b0c910939a113d73)

running 21 tests
test webhook_api::tests::event_status_returns_delivery_metadata_for_owner ... ok
test webhook_api::tests::event_status_requires_authentication ... ok
test webhook_api::tests::registration_returns_signing_secret_once_to_authenticated_owner ... ok
test webhook_api::tests::event_status_hides_nonowned_missing_and_mismatched_events ... ok
test webhook_event_service::tests::test_filter_application ... ok
test webhooks::events::tests::test_corridor_degradation_detection ... ok
test webhook_api::tests::versioned_event_status_validates_jwt_at_the_mounted_path ... ok
test webhooks::tests::expired_workers_cannot_overwrite_a_new_delivery_outcome ... ok
test webhooks::tests::migration_closes_exhausted_events_without_losing_errors ... ok
test webhooks::tests::retry_delay_is_exponential_and_saturates ... ok
test webhooks::tests::stale_workers_cannot_reserve_the_same_due_event ... ok
test webhooks::tests::test_event_type_conversion ... ok
test webhooks::tests::test_webhook_signature ... ok
test webhooks::tests::webhook_signature_matches_hmac_sha256_test_vector ... ok
test webhooks::tests::terminal_events_are_not_resurrected_by_status_updates ... ok
test webhook_dispatcher::tests::inactive_webhook_does_not_send_or_reset_failure_count ... ok
test webhook_dispatcher::tests::redirects_do_not_contact_another_receiver_or_store_response_bodies ... ok
test webhook_dispatcher::tests::retries_survive_dispatcher_restart_with_identical_signed_delivery ... ok
test webhook_dispatcher::tests::legacy_sqlite_timestamp_is_frozen_before_retry ... ok
test webhook_dispatcher::tests::persistence_errors_propagate_and_roll_back_delivery_state ... ok
test webhook_dispatcher::tests::three_failed_attempts_become_terminal_without_a_fourth_request ... ok

test result: ok. 21 passed; 0 failed; 0 ignored; 0 measured; 0 filtered out; finished in 0.26s

     Running tests/webhook_event_service_tests.rs (target/debug/deps/webhook_event_service_tests-c992f61e9e614d62)

running 5 tests
test webhook_integration_tests::test_payment_created_webhook ... ok
test webhook_integration_tests::test_event_enqueue_failure_is_not_reported_as_success ... ok
test webhook_integration_tests::test_webhook_filters ... ok
test webhook_integration_tests::test_webhook_registration_and_triggering ... ok
test webhook_integration_tests::test_corridor_health_webhook ... ok

test result: ok. 5 passed; 0 failed; 0 ignored; 0 measured; 0 filtered out; finished in 0.02s

